// Jest Snapshot v1, https://goo.gl/fbAQLP

exports[`BookDetailModal Deve renderizar o componente corretamente 1`] = `
<body>
  <div />
</body>
`;
