// Jest Snapshot v1, https://goo.gl/fbAQLP

exports[`Error Deve renderizar o componente corretamente 1`] = `
<body>
  <div>
    <svg
      class="sc-dlfnbm hFSAlI"
      fill="currentColor"
      height="1em"
      stroke="currentColor"
      stroke-width="0"
      viewBox="0 0 16 16"
      width="1em"
      xmlns="http://www.w3.org/2000/svg"
    >
      <path
        d="M14 10.44l-.413.56H2.393L2 10.46 7.627 5h.827L14 10.44z"
      />
    </svg>
    <div
      class="sc-bdfBwQ jrIbtW error-container"
      id="error"
    >
      <div
        class="sc-gsTCUz bEBqSC"
      >
        Erro no login
      </div>
    </div>
  </div>
</body>
`;
